// Jest Snapshot v1, https://goo.gl/fbAQLP

exports[`Button renters correctly 1`] = `<div><button class="button"></button></div>`;
