// Jest Snapshot v1, https://goo.gl/fbAQLP

exports[`Button renters correctly 1`] = `
<div class="tag text-sm tag-undefined">

</div>
`;
