// Jest Snapshot v1, https://goo.gl/fbAQLP

exports[`BoardColumn renders correctly 1`] = `
<div class="column">
  <div class="column-header">OczekujÄ…ce</div>
  <div class="column-body">
    <div class="draggable-container">
      <div class="card">
        <div class="card-body">Opis zadania #1</div>
        <div class="card-footer">
          <div class="mt-2 tag text-sm tag-feature">
            feature
          </div>
        </div>
      </div>
      <div class="card">
        <div class="card-body">Opis zadania #2</div>
        <div class="card-footer">
          <div class="mt-2 tag text-sm tag-bugfix">
            bugfix
          </div>
        </div>
      </div>
    </div>
    <!---->
  </div>
</div>
`;
