// Jest Snapshot v1, https://goo.gl/fbAQLP

exports[`Card renders correctly 1`] = `
<div class="card">
  <div class="card-body"></div>
  <div class="card-footer"></div>
</div>
`;
